max_provinces = 1537
definitions = "definition.csv"
provinces = "provinces.bmp"
positions = "positions.txt"
terrain = "terrain.bmp"
rivers = "rivers.bmp"
terrain_definition = "terrain.txt"
heightmap = "topology.bmp"
tree_definition = "trees.bmp"
continent = "continent.txt"
adjacencies = "adjacencies.csv"
climate = "climate.txt"
region = "region.txt"
static = "static.txt"

# European Seas
sea_zones = { 936 943 }
sea_zones = { 945 1012 }
sea_zones = { 1014 1111 }
sea_zones = { 1305 1305 }
sea_zones = { 1441 1442 }

# Indian Seas
sea_zones = { 1307 1317 }
sea_zones = { 1382 1407 }
sea_zones = { 1409 1412 }
sea_zones = { 1293 1293 }

# Caspian Sea
sea_zones = { 1062 1062 }
sea_zones = { 952 952 }
sea_zones = { 1064 1064 }
sea_zones = { 972 972 }	

# Aral Sea
sea_zones = { 944 944 }	# 14

#Major Rivers - India
sea_zones = { 1307 1310 } # Indus
sea_zones = { 1311 1315 } # Ganges
sea_zones = { 1316 1317 } # Brahmaputra
#Major Rivers - Europe
sea_zones = { 1043 1045 } # Rhine
sea_zones = { 1046 1050 } #Elbe
sea_zones = { 1107 1108 } #Garonne
sea_zones = { 1039 1040 } #Loire
sea_zones = { 1041 1042 } #Seine
sea_zones = { 1051 1055 } #Vistula
sea_zones = { 1080 1082 } #Dwina
sea_zones = { 1083 1083 } #Neva
sea_zones = { 1084 1084 } #Svir
sea_zones = { 1085 1087 } #Volkhov/Lake Ilmen/Lovat
sea_zones = { 1092 1101 } #Upper Volga
sea_zones = { 1105 1106 } #Lower Volga
sea_zones = { 1102 1104 } #Oka
sea_zones = { 1088 1091 } #Don
sea_zones = { 1070 1072 } #Upper Dnieper
sea_zones = { 1076 1078 } #Lower Dnieper
sea_zones = { 1079 1079} #Pripyat
sea_zones = { 1073 1075 } #Desna
sea_zones = { 1056 1057 } #Dniester
sea_zones = { 1058 1061 } #Danube
sea_zones = { 1063 1063 } #Danube
sea_zones = { 1065 1069 }#Danube
sea_zones = { 958 958 } #Ladoga
sea_zones = { 997 997 } #Onega

# Ocean Regions
ocean_region = {	# European Ocean
	sea_zones = { 1 2 3 4 5 18 19 20 21 22 23 24 25 26 27 40 41}
}

ocean_region = {	# Indian Ocean
	sea_zones = { 6 7 8 9 15 16 17 }
}

ocean_region = {	# Caspian Sea
	sea_zones = { 10 11 12 13 28 29 30 31 32 33 34 35 36 37 38 39}
}

ocean_region = {	# Aral Sea
	sea_zones = { 14 14 }
}

# Define which indices in trees.bmp palette which should count as trees for automatic terrain assignment
tree = { 3 4 7 10 }

major_rivers = { }

